// Jest Snapshot v1, https://goo.gl/fbAQLP

exports[`print credentials prints the AndroidAppCredentials fragment 1`] = `"Android Credentials  Project: testApp  Application Identifier: test.com.app  Push Notifications (FCM):    Key: abcd...efgh    Updated 0 second ago  Configuration: legacy (Default)  Keystore:    Type: JKS    Key Alias: QHdrb3p5cmEvY3JlZGVudGlhbHMtdGVzdA==    MD5 Fingerprint: TE:ST:-M:D5    SHA1 Fingerprint: TE:ST:-S:HA:1    SHA256 Fingerprint: TE:ST:-S:HA:25:6    Updated 0 second ago"`;
