// Jest Snapshot v1, https://goo.gl/fbAQLP

exports[`print credentials prints the AndroidAppCredentials fragment 1`] = `
"Android Credentials     
Project                 testApp
Application Identifier  test.com.appPush Notifications (FCM)  Key      abcd...efgh
Updated  0 second agoGoogle Service Account Key For Submissions  Project ID      sdf.sdf.sdf
Client Email    quin@expo.io
Client ID       test-client-identifier
Private Key ID  test-private-key-identifier
Updated         0 second agoConfiguration: legacy (Default)  Keystore  Type                JKS
Key Alias           QHdrb3p5cmEvY3JlZGVudGlhbHMtdGVzdA==
MD5 Fingerprint     TE:ST:-M:D5
SHA1 Fingerprint    TE:ST:-S:HA:1
SHA256 Fingerprint  TE:ST:-S:HA:25:6
Updated             0 second ago"
`;
