// Jest Snapshot v1, https://goo.gl/fbAQLP

exports[`print credentials prints the IosAppCredentials map 1`] = `
"iOS Credentials            
Project                    @quinlanj/test52
Bundle Identifier          com.quinlanj.test52
Apple Team                 test-apple-identifier 
                           
Push Key                   
Developer Portal ID        9839M6AY8W
Apple Team                 77KQ969CHE 
Updated                    6 months ago
                           
App Store Connect API Key  
Developer Portal ID        NYN468XNN3
Name                       Expo Submissions pl94k8_lnS
Issuer ID                  69a6de93-e4e4-47e3-e053-5b8c7c11a4d1
Roles                      ADMIN
Apple Team                 77KQ969CHE 
Updated                    6 months ago
                           
                           
App Store Configuration    
                           
Distribution Certificate   
Serial Number              test-serial
Expiration Date            Wed, 13 Oct 2021 18:28:44 UTC
Apple Team                 test-apple-identifier 
Updated                    6 months ago
                           
Provisioning Profile       
Developer Portal ID        test-profile-id
Status                     active
Expiration                 Wed, 13 Oct 2021 18:28:44 UTC
Apple Team                 test-apple-identifier 
Updated                    5 months ago
                           
                           
Ad Hoc Configuration       
                           
Distribution Certificate   
Serial Number              test-serial
Expiration Date            Wed, 13 Oct 2021 18:28:44 UTC
Apple Team                 test-apple-identifier 
Updated                    6 months ago
                           
Provisioning Profile       
Developer Portal ID        test-profile-id
Status                     active
Expiration                 Wed, 13 Oct 2021 18:28:44 UTC
Apple Team                 test-apple-identifier 
Updated                    5 months ago
                           "
`;
