// Jest Snapshot v1, https://goo.gl/fbAQLP

exports[`print credentials prints the IosAppCredentials fragment 1`] = `"[1miOS Credentials[22m  Project: @quinlanj/test52  Bundle Identifier: com.quinlanj.test52  Apple Team: test-apple-identifier [1m  Configuration: App Store[22m  Distribution Certificate:    Serial Number: test-serial    Expiration Date: Wed, 13 Oct 2021 18:28:44 GMT+0000    Apple Team: test-apple-identifier     Updated 6 months ago  Provisioning Profile:    Developer Portal ID: test-profile-id    Status: active    Expiration Date: Wed, 13 Oct 2021 18:28:44 GMT+0000    Apple Team: test-apple-identifier     Updated 5 months ago[1m  Configuration: Ad Hoc[22m  Distribution Certificate:    Serial Number: test-serial    Expiration Date: Wed, 13 Oct 2021 18:28:44 GMT+0000    Apple Team: test-apple-identifier     Updated 6 months ago  Provisioning Profile:    Developer Portal ID: test-profile-id    Status: active    Expiration Date: Wed, 13 Oct 2021 18:28:44 GMT+0000    Apple Team: test-apple-identifier     Updated 5 months ago"`;
