// Jest Snapshot v1, https://goo.gl/fbAQLP

exports[`select credentials select an AppleDistributionCertificate fragment 1`] = `
"Cert ID: 5URSS525PL, Serial number: 3F9CDD6CFC6E52C1, Team ID: 77KQ969CHE
    Created: 6 months ago, Updated: 10 months ago,
    Expires: Wed, 13 Oct 2021 18:28:44 UTCCert ID: JRH7292L8R, Serial number: 5544BE191B9F949E, Team ID: 77KQ969CHE
    Created: 10 months ago, Updated: 10 months ago,
    Expires: Tue, 22 Jun 2021 20:46:07 UTC"
`;
